// Jest Snapshot v1, https://goo.gl/fbAQLP

exports[`Ensure PhotoViewer is the same 1`] = `
<div>
  <img
    alt="mainPic"
    className="mainPhoto"
    src="https://picsum.photos/id/600/1600/900.jpg"
  />
  <h2
    className="selectImage"
  >
    Select your photo
  </h2>
  <div
    className="thumbnails"
  >
    <img
      alt="0https://picsum.photos/id/600/1600/900.jpg"
      onClick={[Function]}
      src="https://picsum.photos/id/600/1600/900.jpg"
    />
    <img
      alt="1https://picsum.photos/id/602/1600/900.jpg"
      onClick={[Function]}
      src="https://picsum.photos/id/602/1600/900.jpg"
    />
    <img
      alt="2https://picsum.photos/id/603/1600/900.jpg"
      onClick={[Function]}
      src="https://picsum.photos/id/603/1600/900.jpg"
    />
    <img
      alt="3https://picsum.photos/id/604/1600/900.jpg"
      onClick={[Function]}
      src="https://picsum.photos/id/604/1600/900.jpg"
    />
    <img
      alt="4https://picsum.photos/id/605/1600/900.jpg"
      onClick={[Function]}
      src="https://picsum.photos/id/605/1600/900.jpg"
    />
    <img
      alt="5https://picsum.photos/id/606/1600/900.jpg"
      onClick={[Function]}
      src="https://picsum.photos/id/606/1600/900.jpg"
    />
    <img
      alt="6https://picsum.photos/id/607/1600/900.jpg"
      onClick={[Function]}
      src="https://picsum.photos/id/607/1600/900.jpg"
    />
    <img
      alt="7https://picsum.photos/id/608/1600/900.jpg"
      onClick={[Function]}
      src="https://picsum.photos/id/608/1600/900.jpg"
    />
    <img
      alt="8https://picsum.photos/id/609/1600/900.jpg"
      onClick={[Function]}
      src="https://picsum.photos/id/609/1600/900.jpg"
    />
    <img
      alt="9https://picsum.photos/id/610/1600/900.jpg"
      onClick={[Function]}
      src="https://picsum.photos/id/610/1600/900.jpg"
    />
    <img
      alt="10https://picsum.photos/id/611/1600/900.jpg"
      onClick={[Function]}
      src="https://picsum.photos/id/611/1600/900.jpg"
    />
    <img
      alt="11https://picsum.photos/id/612/1600/900.jpg"
      onClick={[Function]}
      src="https://picsum.photos/id/612/1600/900.jpg"
    />
    <img
      alt="12https://picsum.photos/id/613/1600/900.jpg"
      onClick={[Function]}
      src="https://picsum.photos/id/613/1600/900.jpg"
    />
    <img
      alt="13https://picsum.photos/id/614/1600/900.jpg"
      onClick={[Function]}
      src="https://picsum.photos/id/614/1600/900.jpg"
    />
    <img
      alt="14https://picsum.photos/id/615/1600/900.jpg"
      onClick={[Function]}
      src="https://picsum.photos/id/615/1600/900.jpg"
    />
    <img
      alt="15https://picsum.photos/id/616/1600/900.jpg"
      onClick={[Function]}
      src="https://picsum.photos/id/616/1600/900.jpg"
    />
    <img
      alt="16https://picsum.photos/id/617/1600/900.jpg"
      onClick={[Function]}
      src="https://picsum.photos/id/617/1600/900.jpg"
    />
    <img
      alt="17https://picsum.photos/id/618/1600/900.jpg"
      onClick={[Function]}
      src="https://picsum.photos/id/618/1600/900.jpg"
    />
    <img
      alt="18https://picsum.photos/id/619/1600/900.jpg"
      onClick={[Function]}
      src="https://picsum.photos/id/619/1600/900.jpg"
    />
    <img
      alt="19https://picsum.photos/id/620/1600/900.jpg"
      onClick={[Function]}
      src="https://picsum.photos/id/620/1600/900.jpg"
    />
    <img
      alt="20https://picsum.photos/id/621/1600/900.jpg"
      onClick={[Function]}
      src="https://picsum.photos/id/621/1600/900.jpg"
    />
    <img
      alt="21https://picsum.photos/id/622/1600/900.jpg"
      onClick={[Function]}
      src="https://picsum.photos/id/622/1600/900.jpg"
    />
    <img
      alt="22https://picsum.photos/id/623/1600/900.jpg"
      onClick={[Function]}
      src="https://picsum.photos/id/623/1600/900.jpg"
    />
    <img
      alt="23https://picsum.photos/id/625/1600/900.jpg"
      onClick={[Function]}
      src="https://picsum.photos/id/625/1600/900.jpg"
    />
    <img
      alt="24https://picsum.photos/id/626/1600/900.jpg"
      onClick={[Function]}
      src="https://picsum.photos/id/626/1600/900.jpg"
    />
    <img
      alt="25https://picsum.photos/id/627/1600/900.jpg"
      onClick={[Function]}
      src="https://picsum.photos/id/627/1600/900.jpg"
    />
    <img
      alt="26https://picsum.photos/id/628/1600/900.jpg"
      onClick={[Function]}
      src="https://picsum.photos/id/628/1600/900.jpg"
    />
    <img
      alt="27https://picsum.photos/id/629/1600/900.jpg"
      onClick={[Function]}
      src="https://picsum.photos/id/629/1600/900.jpg"
    />
    <img
      alt="28https://picsum.photos/id/630/1600/900.jpg"
      onClick={[Function]}
      src="https://picsum.photos/id/630/1600/900.jpg"
    />
    <img
      alt="29https://picsum.photos/id/631/1600/900.jpg"
      onClick={[Function]}
      src="https://picsum.photos/id/631/1600/900.jpg"
    />
    <img
      alt="30https://picsum.photos/id/633/1600/900.jpg"
      onClick={[Function]}
      src="https://picsum.photos/id/633/1600/900.jpg"
    />
    <img
      alt="31https://picsum.photos/id/634/1600/900.jpg"
      onClick={[Function]}
      src="https://picsum.photos/id/634/1600/900.jpg"
    />
    <img
      alt="32https://picsum.photos/id/635/1600/900.jpg"
      onClick={[Function]}
      src="https://picsum.photos/id/635/1600/900.jpg"
    />
    <img
      alt="33https://picsum.photos/id/637/1600/900.jpg"
      onClick={[Function]}
      src="https://picsum.photos/id/637/1600/900.jpg"
    />
    <img
      alt="34https://picsum.photos/id/638/1600/900.jpg"
      onClick={[Function]}
      src="https://picsum.photos/id/638/1600/900.jpg"
    />
    <img
      alt="35https://picsum.photos/id/639/1600/900.jpg"
      onClick={[Function]}
      src="https://picsum.photos/id/639/1600/900.jpg"
    />
    <img
      alt="36https://picsum.photos/id/640/1600/900.jpg"
      onClick={[Function]}
      src="https://picsum.photos/id/640/1600/900.jpg"
    />
    <img
      alt="37https://picsum.photos/id/641/1600/900.jpg"
      onClick={[Function]}
      src="https://picsum.photos/id/641/1600/900.jpg"
    />
    <img
      alt="38https://picsum.photos/id/642/1600/900.jpg"
      onClick={[Function]}
      src="https://picsum.photos/id/642/1600/900.jpg"
    />
    <img
      alt="39https://picsum.photos/id/643/1600/900.jpg"
      onClick={[Function]}
      src="https://picsum.photos/id/643/1600/900.jpg"
    />
    <img
      alt="40https://picsum.photos/id/645/1600/900.jpg"
      onClick={[Function]}
      src="https://picsum.photos/id/645/1600/900.jpg"
    />
    <img
      alt="41https://picsum.photos/id/646/1600/900.jpg"
      onClick={[Function]}
      src="https://picsum.photos/id/646/1600/900.jpg"
    />
    <img
      alt="42https://picsum.photos/id/648/1600/900.jpg"
      onClick={[Function]}
      src="https://picsum.photos/id/648/1600/900.jpg"
    />
    <img
      alt="43https://picsum.photos/id/649/1600/900.jpg"
      onClick={[Function]}
      src="https://picsum.photos/id/649/1600/900.jpg"
    />
  </div>
</div>
`;
